Chico: none, Sacramento(90), none
Sacramento: Chico(90), none, none
