Chico: none, Sacramento(90), Redding(60)
Sacramento: Chico(90), none, none
Redding: Chico(60), none, none
