Abilene: none, Akron(1), none
Akron: Abilene(1), Albuquerque(2), Alexandria(2)
Albuquerque: Akron(2), Allentown(3), Amarillo(3)
Alexandria: Akron(2), Anaheim(4), Anchorage(4)
Allentown: Albuquerque(3), Ann_Arbor(5), Antioch(5)
Amarillo: Albuquerque(3), Arlington(6), Arvada(6)
Anaheim: Alexandria(4), Athens(7), Atlanta(7)
Anchorage: Alexandria(4), Augusta(8), Aurora(8)
Ann_Arbor: Allentown(5), Austin(9), Bakersfield(9)
Antioch: Allentown(5), Baltimore(10), Baton_Rouge(10)
Arlington: Amarillo(6), Beaumont(11), Bellevue(11)
Arvada: Amarillo(6), Berkeley(12), Billings(12)
Athens: Anaheim(7), Birmingham(13), Boise(13)
Atlanta: Anaheim(7), Boston(14), Bridgeport(14)
Augusta: Anchorage(8), Broken_Arrow(15), Brownsville(15)
Aurora: Anchorage(8), Buffalo(16), Burbank(16)
Austin: Ann_Arbor(9), Cambridge(17), Cape_Coral(17)
Bakersfield: Ann_Arbor(9), Carlsbad(18), Carrollton(18)
Baltimore: Antioch(10), Cary(19), Cedar_Rapids(19)
Baton_Rouge: Antioch(10), Centennial(20), Chandler(20)
Beaumont: Arlington(11), Charleston(21), Charlotte(21)
Bellevue: Arlington(11), Chattanooga(22), Chesapeake(22)
Berkeley: Arvada(12), Chicago(23), Chico(23)
Billings: Arvada(12), Chula_Vista(24), Cincinnati(24)
Birmingham: Athens(13), Clarksville(25), Clearwater(25)
Boise: Athens(13), Cleveland(26), Colorado_Springs(26)
Boston: Atlanta(14), Columbia(27), Columbus(27)
Bridgeport: Atlanta(14), Concord(28), Coral_Springs(28)
Broken_Arrow: Augusta(15), Corona(29), Corpus_Christi(29)
Brownsville: Augusta(15), Costa_Mesa(30), Dallas(30)
Buffalo: Aurora(16), Daly_City(31), Davenport(31)
Burbank: Aurora(16), Dayton(32), Denton(32)
Cambridge: Austin(17), Denver(33), Des_Moines(33)
Cape_Coral: Austin(17), Detroit(34), Downey(34)
Carlsbad: Bakersfield(18), Durham(35), El_Cajon(35)
Carrollton: Bakersfield(18), Elgin(36), Elizabeth(36)
Cary: Baltimore(19), Elk_Grove(37), El_Monte(37)
Cedar_Rapids: Baltimore(19), El_Paso(38), Erie(38)
Centennial: Baton_Rouge(20), Escondido(39), Eugene(39)
Chandler: Baton_Rouge(20), Evansville(40), Everett(40)
Charleston: Beaumont(21), Fairfield(41), Fargo(41)
Charlotte: Beaumont(21), Fayetteville(42), Flint(42)
Chattanooga: Bellevue(22), Fontana(43), Fort_Collins(43)
Chesapeake: Bellevue(22), Fort_Lauderdale(44), Fort_Wayne(44)
Chicago: Berkeley(23), Fort_Worth(45), Fremont(45)
Chico: Berkeley(23), Fresno(46), Frisco(46)
Chula_Vista: Billings(24), Fullerton(47), Gainesville(47)
Cincinnati: Billings(24), Garden_Grove(48), Garland(48)
Clarksville: Birmingham(25), Gilbert(49), Glendale(49)
Clearwater: Birmingham(25), Grand_Prairie(50), Grand_Rapids(50)
Cleveland: Boise(26), Green_Bay(51), Greensboro(51)
Colorado_Springs: Boise(26), Gresham(52), Hampton(52)
Columbia: Boston(27), Hartford(53), Hayward(53)
Columbus: Boston(27), Henderson(54), Hialeah(54)
Concord: Bridgeport(28), High_Point(55), Hollywood(55)
Coral_Springs: Bridgeport(28), Honolulu(56), Houston(56)
Corona: Broken_Arrow(29), Huntington_Beach(57), Huntsville(57)
Corpus_Christi: Broken_Arrow(29), Independence(58), Indianapolis(58)
Costa_Mesa: Brownsville(30), Inglewood(59), Irvine(59)
Dallas: Brownsville(30), Irving(60), Jackson(60)
Daly_City: Buffalo(31), Jacksonville(61), Jersey_City(61)
Davenport: Buffalo(31), Joliet(62), Kansas_City(62)
Dayton: Burbank(32), Kent(63), Killeen(63)
Denton: Burbank(32), Knoxville(64), Lafayette(64)
Denver: Cambridge(33), Lakewood(65), Lancaster(65)
Des_Moines: Cambridge(33), Lansing(66), Laredo(66)
Detroit: Cape_Coral(34), Las_Vegas(67), Lexington(67)
Downey: Cape_Coral(34), Lincoln(68), Little_Rock(68)
Durham: Carlsbad(35), Long_Beach(69), Los_Angeles(69)
El_Cajon: Carlsbad(35), Louisville(70), Lowell(70)
Elgin: Carrollton(36), Lubbock(71), Madison(71)
Elizabeth: Carrollton(36), Manchester(72), McAllen(72)
Elk_Grove: Cary(37), McKinney(73), Memphis(73)
El_Monte: Cary(37), Mesa(74), Mesquite(74)
El_Paso: Cedar_Rapids(38), Miami(75), Miami_Gardens(75)
Erie: Cedar_Rapids(38), Midland(76), Milwaukee(76)
Escondido: Centennial(39), Minneapolis(77), Miramar(77)
Eugene: Centennial(39), Mobile(78), Modesto(78)
Evansville: Chandler(40), Montgomery(79), Moreno_Valley(79)
Everett: Chandler(40), Murfreesboro(80), Murrieta(80)
Fairfield: Charleston(41), Naperville(81), Nashville(81)
Fargo: Charleston(41), Newark(82), New_Haven(82)
Fayetteville: Charlotte(42), New_Orleans(83), Newport_News(83)
Flint: Charlotte(42), New_York(84), Norfolk(84)
Fontana: Chattanooga(43), Norman(85), North_Las_Vegas(85)
Fort_Collins: Chattanooga(43), Norwalk(86), Oakland(86)
Fort_Lauderdale: Chesapeake(44), Oceanside(87), Odessa(87)
Fort_Wayne: Chesapeake(44), Oklahoma_City(88), Olathe(88)
Fort_Worth: Chicago(45), Omaha(89), Ontario(89)
Fremont: Chicago(45), Orange(90), Orlando(90)
Fresno: Chico(46), Overland_Park(91), Oxnard(91)
Frisco: Chico(46), Palm_Bay(92), Palmdale(92)
Fullerton: Chula_Vista(47), Pasadena(93), Paterson(93)
Gainesville: Chula_Vista(47), Pembroke_Pines(94), Peoria(94)
Garden_Grove: Cincinnati(48), Philadelphia(95), Phoenix(95)
Garland: Cincinnati(48), Pittsburgh(96), Plano(96)
Gilbert: Clarksville(49), Pomona(97), Pompano_Beach(97)
Glendale: Clarksville(49), Portland(98), Port_Saint_Lucie(98)
Grand_Prairie: Clearwater(50), Providence(99), Provo(99)
Grand_Rapids: Clearwater(50), Pueblo(100), Raleigh(100)
Green_Bay: Cleveland(51), Rancho_Cucamonga(101), Reno(101)
Greensboro: Cleveland(51), Rialto(102), Richardson(102)
Gresham: Colorado_Springs(52), Richmond(103), Riverside(103)
Hampton: Colorado_Springs(52), Rochester(104), Rockford(104)
Hartford: Columbia(53), Roseville(105), Round_Rock(105)
Hayward: Columbia(53), Sacramento(106), Saint_Louis(106)
Henderson: Columbus(54), Saint_Paul(107), Saint_Petersburg(107)
Hialeah: Columbus(54), Salem(108), Salinas(108)
High_Point: Concord(55), Salt_Lake_City(109), San_Antonio(109)
Hollywood: Concord(55), San_Bernardino(110), San_Buenaventura_Ventura(110)
Honolulu: Coral_Springs(56), San_Diego(111), San_Francisco(111)
Houston: Coral_Springs(56), San_Jose(112), Santa_Ana(112)
Huntington_Beach: Corona(57), Santa_Clara(113), Santa_Clarita(113)
Huntsville: Corona(57), Santa_Maria(114), Santa_Rosa(114)
Independence: Corpus_Christi(58), Savannah(115), Scottsdale(115)
Indianapolis: Corpus_Christi(58), Seattle(116), Shreveport(116)
Inglewood: Costa_Mesa(59), Simi_Valley(117), Sioux_Falls(117)
Irvine: Costa_Mesa(59), South_Bend(118), Spokane(118)
Irving: Dallas(60), Springfield(119), Stamford(119)
Jackson: Dallas(60), Sterling_Heights(120), Stockton(120)
Jacksonville: Daly_City(61), Sunnyvale(121), Surprise(121)
Jersey_City: Daly_City(61), Syracuse(122), Tacoma(122)
Joliet: Davenport(62), Tallahassee(123), Tampa(123)
Kansas_City: Davenport(62), Temecula(124), Tempe(124)
Kent: Dayton(63), Thornton(125), Thousand_Oaks(125)
Killeen: Dayton(63), Toledo(126), Topeka(126)
Knoxville: Denton(64), Torrance(127), Tucson(127)
Lafayette: Denton(64), Tulsa(128), Vallejo(128)
Lakewood: Denver(65), Vancouver(129), Victorville(129)
Lancaster: Denver(65), Virginia_Beach(130), Visalia(130)
Lansing: Des_Moines(66), Waco(131), Warren(131)
Laredo: Des_Moines(66), Washington(132), Waterbury(132)
Las_Vegas: Detroit(67), West_Covina(133), West_Jordan(133)
Lexington: Detroit(67), Westminster(134), West_Palm_Beach(134)
Lincoln: Downey(68), West_Valley_City(135), Wichita(135)
Little_Rock: Downey(68), Wichita_Falls(136), Wilmington(136)
Long_Beach: Durham(69), Winston_Salem(137), Worcester(137)
