Abilene --> Akron
Abilene --> Akron --> Albuquerque
Abilene --> Akron --> Alexandria
Abilene --> Akron --> Albuquerque --> Allentown
Abilene --> Akron --> Albuquerque --> Amarillo
Abilene --> Akron --> Alexandria --> Anaheim
Abilene --> Akron --> Alexandria --> Anchorage
Abilene --> Akron --> Albuquerque --> Allentown --> Ann_Arbor
Abilene --> Akron --> Albuquerque --> Allentown --> Antioch
Abilene --> Akron --> Albuquerque --> Amarillo --> Arlington
Abilene --> Akron --> Albuquerque --> Amarillo --> Arvada
Abilene --> Akron --> Alexandria --> Anaheim --> Athens
Abilene --> Akron --> Alexandria --> Anaheim --> Atlanta
Abilene --> Akron --> Alexandria --> Anchorage --> Augusta
Abilene --> Akron --> Alexandria --> Anchorage --> Aurora
Abilene --> Akron --> Albuquerque --> Allentown --> Ann_Arbor --> Austin
Abilene --> Akron --> Albuquerque --> Allentown --> Ann_Arbor --> Bakersfield
Abilene --> Akron --> Albuquerque --> Allentown --> Antioch --> Baltimore
Abilene --> Akron --> Albuquerque --> Allentown --> Antioch --> Baton_Rouge
Abilene --> Akron --> Albuquerque --> Amarillo --> Arlington --> Beaumont
Abilene --> Akron --> Albuquerque --> Amarillo --> Arlington --> Bellevue
Abilene --> Akron --> Albuquerque --> Amarillo --> Arvada --> Berkeley
Abilene --> Akron --> Albuquerque --> Amarillo --> Arvada --> Billings
Abilene --> Akron --> Alexandria --> Anaheim --> Athens --> Birmingham
Abilene --> Akron --> Alexandria --> Anaheim --> Athens --> Boise
Abilene --> Akron --> Alexandria --> Anaheim --> Atlanta --> Boston
Abilene --> Akron --> Alexandria --> Anaheim --> Atlanta --> Bridgeport
Abilene --> Akron --> Alexandria --> Anchorage --> Augusta --> Broken_Arrow
Abilene --> Akron --> Alexandria --> Anchorage --> Augusta --> Brownsville
Abilene --> Akron --> Alexandria --> Anchorage --> Aurora --> Buffalo
Abilene --> Akron --> Alexandria --> Anchorage --> Aurora --> Burbank
Abilene --> Akron --> Albuquerque --> Allentown --> Ann_Arbor --> Austin --> Cambridge
Abilene --> Akron --> Albuquerque --> Allentown --> Ann_Arbor --> Austin --> Cape_Coral
Abilene --> Akron --> Albuquerque --> Allentown --> Ann_Arbor --> Bakersfield --> Carlsbad
Abilene --> Akron --> Albuquerque --> Allentown --> Ann_Arbor --> Bakersfield --> Carrollton
Abilene --> Akron --> Albuquerque --> Allentown --> Antioch --> Baltimore --> Cary
Abilene --> Akron --> Albuquerque --> Allentown --> Antioch --> Baltimore --> Cedar_Rapids
Abilene --> Akron --> Albuquerque --> Allentown --> Antioch --> Baton_Rouge --> Centennial
Abilene --> Akron --> Albuquerque --> Allentown --> Antioch --> Baton_Rouge --> Chandler
Abilene --> Akron --> Albuquerque --> Amarillo --> Arlington --> Beaumont --> Charleston
Abilene --> Akron --> Albuquerque --> Amarillo --> Arlington --> Beaumont --> Charlotte
Abilene --> Akron --> Albuquerque --> Amarillo --> Arlington --> Bellevue --> Chattanooga
Abilene --> Akron --> Albuquerque --> Amarillo --> Arlington --> Bellevue --> Chesapeake
Abilene --> Akron --> Albuquerque --> Amarillo --> Arvada --> Berkeley --> Chicago
Abilene --> Akron --> Albuquerque --> Amarillo --> Arvada --> Berkeley --> Chico
Abilene --> Akron --> Albuquerque --> Amarillo --> Arvada --> Billings --> Chula_Vista
Abilene --> Akron --> Albuquerque --> Amarillo --> Arvada --> Billings --> Cincinnati
Abilene --> Akron --> Alexandria --> Anaheim --> Athens --> Birmingham --> Clarksville
Abilene --> Akron --> Alexandria --> Anaheim --> Athens --> Birmingham --> Clearwater
Abilene --> Akron --> Alexandria --> Anaheim --> Athens --> Boise --> Cleveland
Abilene --> Akron --> Alexandria --> Anaheim --> Athens --> Boise --> Colorado_Springs
Abilene --> Akron --> Alexandria --> Anaheim --> Atlanta --> Boston --> Columbia
Abilene --> Akron --> Alexandria --> Anaheim --> Atlanta --> Boston --> Columbus
Abilene --> Akron --> Alexandria --> Anaheim --> Atlanta --> Bridgeport --> Concord
Abilene --> Akron --> Alexandria --> Anaheim --> Atlanta --> Bridgeport --> Coral_Springs
Abilene --> Akron --> Alexandria --> Anchorage --> Augusta --> Broken_Arrow --> Corona
Abilene --> Akron --> Alexandria --> Anchorage --> Augusta --> Broken_Arrow --> Corpus_Christi
Abilene --> Akron --> Alexandria --> Anchorage --> Augusta --> Brownsville --> Costa_Mesa
Abilene --> Akron --> Alexandria --> Anchorage --> Augusta --> Brownsville --> Dallas
Abilene --> Akron --> Alexandria --> Anchorage --> Aurora --> Buffalo --> Daly_City
Abilene --> Akron --> Alexandria --> Anchorage --> Aurora --> Buffalo --> Davenport
Abilene --> Akron --> Alexandria --> Anchorage --> Aurora --> Burbank --> Dayton
Abilene --> Akron --> Alexandria --> Anchorage --> Aurora --> Burbank --> Denton
Abilene --> Akron --> Albuquerque --> Allentown --> Ann_Arbor --> Austin --> Cambridge --> Denver
Abilene --> Akron --> Albuquerque --> Allentown --> Ann_Arbor --> Austin --> Cambridge --> Des_Moines
Abilene --> Akron --> Albuquerque --> Allentown --> Ann_Arbor --> Austin --> Cape_Coral --> Detroit
Abilene --> Akron --> Albuquerque --> Allentown --> Ann_Arbor --> Austin --> Cape_Coral --> Downey
Abilene --> Akron --> Albuquerque --> Allentown --> Ann_Arbor --> Bakersfield --> Carlsbad --> Durham
Abilene --> Akron --> Albuquerque --> Allentown --> Ann_Arbor --> Bakersfield --> Carlsbad --> El_Cajon
Abilene --> Akron --> Albuquerque --> Allentown --> Ann_Arbor --> Bakersfield --> Carrollton --> Elgin
Abilene --> Akron --> Albuquerque --> Allentown --> Ann_Arbor --> Bakersfield --> Carrollton --> Elizabeth
Abilene --> Akron --> Albuquerque --> Allentown --> Antioch --> Baltimore --> Cary --> Elk_Grove
Abilene --> Akron --> Albuquerque --> Allentown --> Antioch --> Baltimore --> Cary --> El_Monte
Abilene --> Akron --> Albuquerque --> Allentown --> Antioch --> Baltimore --> Cedar_Rapids --> El_Paso
Abilene --> Akron --> Albuquerque --> Allentown --> Antioch --> Baltimore --> Cedar_Rapids --> Erie
Abilene --> Akron --> Albuquerque --> Allentown --> Antioch --> Baton_Rouge --> Centennial --> Escondido
Abilene --> Akron --> Albuquerque --> Allentown --> Antioch --> Baton_Rouge --> Centennial --> Eugene
Abilene --> Akron --> Albuquerque --> Allentown --> Antioch --> Baton_Rouge --> Chandler --> Evansville
Abilene --> Akron --> Albuquerque --> Allentown --> Antioch --> Baton_Rouge --> Chandler --> Everett
Abilene --> Akron --> Albuquerque --> Amarillo --> Arlington --> Beaumont --> Charleston --> Fairfield
Abilene --> Akron --> Albuquerque --> Amarillo --> Arlington --> Beaumont --> Charleston --> Fargo
Abilene --> Akron --> Albuquerque --> Amarillo --> Arlington --> Beaumont --> Charlotte --> Fayetteville
Abilene --> Akron --> Albuquerque --> Amarillo --> Arlington --> Beaumont --> Charlotte --> Flint
Abilene --> Akron --> Albuquerque --> Amarillo --> Arlington --> Bellevue --> Chattanooga --> Fontana
Abilene --> Akron --> Albuquerque --> Amarillo --> Arlington --> Bellevue --> Chattanooga --> Fort_Collins
Abilene --> Akron --> Albuquerque --> Amarillo --> Arlington --> Bellevue --> Chesapeake --> Fort_Lauderdale
Abilene --> Akron --> Albuquerque --> Amarillo --> Arlington --> Bellevue --> Chesapeake --> Fort_Wayne
Abilene --> Akron --> Albuquerque --> Amarillo --> Arvada --> Berkeley --> Chicago --> Fort_Worth
Abilene --> Akron --> Albuquerque --> Amarillo --> Arvada --> Berkeley --> Chicago --> Fremont
Abilene --> Akron --> Albuquerque --> Amarillo --> Arvada --> Berkeley --> Chico --> Fresno
Abilene --> Akron --> Albuquerque --> Amarillo --> Arvada --> Berkeley --> Chico --> Frisco
Abilene --> Akron --> Albuquerque --> Amarillo --> Arvada --> Billings --> Chula_Vista --> Fullerton
Abilene --> Akron --> Albuquerque --> Amarillo --> Arvada --> Billings --> Chula_Vista --> Gainesville
Abilene --> Akron --> Albuquerque --> Amarillo --> Arvada --> Billings --> Cincinnati --> Garden_Grove
Abilene --> Akron --> Albuquerque --> Amarillo --> Arvada --> Billings --> Cincinnati --> Garland
Abilene --> Akron --> Alexandria --> Anaheim --> Athens --> Birmingham --> Clarksville --> Gilbert
Abilene --> Akron --> Alexandria --> Anaheim --> Athens --> Birmingham --> Clarksville --> Glendale
Abilene --> Akron --> Alexandria --> Anaheim --> Athens --> Birmingham --> Clearwater --> Grand_Prairie
Abilene --> Akron --> Alexandria --> Anaheim --> Athens --> Birmingham --> Clearwater --> Grand_Rapids
Abilene --> Akron --> Alexandria --> Anaheim --> Athens --> Boise --> Cleveland --> Green_Bay
Abilene --> Akron --> Alexandria --> Anaheim --> Athens --> Boise --> Cleveland --> Greensboro
Abilene --> Akron --> Alexandria --> Anaheim --> Athens --> Boise --> Colorado_Springs --> Gresham
Abilene --> Akron --> Alexandria --> Anaheim --> Athens --> Boise --> Colorado_Springs --> Hampton
Abilene --> Akron --> Alexandria --> Anaheim --> Atlanta --> Boston --> Columbia --> Hartford
Abilene --> Akron --> Alexandria --> Anaheim --> Atlanta --> Boston --> Columbia --> Hayward
Abilene --> Akron --> Alexandria --> Anaheim --> Atlanta --> Boston --> Columbus --> Henderson
Abilene --> Akron --> Alexandria --> Anaheim --> Atlanta --> Boston --> Columbus --> Hialeah
Abilene --> Akron --> Alexandria --> Anaheim --> Atlanta --> Bridgeport --> Concord --> High_Point
Abilene --> Akron --> Alexandria --> Anaheim --> Atlanta --> Bridgeport --> Concord --> Hollywood
Abilene --> Akron --> Alexandria --> Anaheim --> Atlanta --> Bridgeport --> Coral_Springs --> Honolulu
Abilene --> Akron --> Alexandria --> Anaheim --> Atlanta --> Bridgeport --> Coral_Springs --> Houston
Abilene --> Akron --> Alexandria --> Anchorage --> Augusta --> Broken_Arrow --> Corona --> Huntington_Beach
Abilene --> Akron --> Alexandria --> Anchorage --> Augusta --> Broken_Arrow --> Corona --> Huntsville
Abilene --> Akron --> Alexandria --> Anchorage --> Augusta --> Broken_Arrow --> Corpus_Christi --> Independence
Abilene --> Akron --> Alexandria --> Anchorage --> Augusta --> Broken_Arrow --> Corpus_Christi --> Indianapolis
Abilene --> Akron --> Alexandria --> Anchorage --> Augusta --> Brownsville --> Costa_Mesa --> Inglewood
Abilene --> Akron --> Alexandria --> Anchorage --> Augusta --> Brownsville --> Costa_Mesa --> Irvine
Abilene --> Akron --> Alexandria --> Anchorage --> Augusta --> Brownsville --> Dallas --> Irving
Abilene --> Akron --> Alexandria --> Anchorage --> Augusta --> Brownsville --> Dallas --> Jackson
Abilene --> Akron --> Alexandria --> Anchorage --> Aurora --> Buffalo --> Daly_City --> Jacksonville
Abilene --> Akron --> Alexandria --> Anchorage --> Aurora --> Buffalo --> Daly_City --> Jersey_City
Abilene --> Akron --> Alexandria --> Anchorage --> Aurora --> Buffalo --> Davenport --> Joliet
Abilene --> Akron --> Alexandria --> Anchorage --> Aurora --> Buffalo --> Davenport --> Kansas_City
Abilene --> Akron --> Alexandria --> Anchorage --> Aurora --> Burbank --> Dayton --> Kent
Abilene --> Akron --> Alexandria --> Anchorage --> Aurora --> Burbank --> Dayton --> Killeen
Abilene --> Akron --> Alexandria --> Anchorage --> Aurora --> Burbank --> Denton --> Knoxville
Abilene --> Akron --> Alexandria --> Anchorage --> Aurora --> Burbank --> Denton --> Lafayette
Abilene --> Akron --> Albuquerque --> Allentown --> Ann_Arbor --> Austin --> Cambridge --> Denver --> Lakewood
Abilene --> Akron --> Albuquerque --> Allentown --> Ann_Arbor --> Austin --> Cambridge --> Denver --> Lancaster
Abilene --> Akron --> Albuquerque --> Allentown --> Ann_Arbor --> Austin --> Cambridge --> Des_Moines --> Lansing
Abilene --> Akron --> Albuquerque --> Allentown --> Ann_Arbor --> Austin --> Cambridge --> Des_Moines --> Laredo
Abilene --> Akron --> Albuquerque --> Allentown --> Ann_Arbor --> Austin --> Cape_Coral --> Detroit --> Las_Vegas
Abilene --> Akron --> Albuquerque --> Allentown --> Ann_Arbor --> Austin --> Cape_Coral --> Detroit --> Lexington
Abilene --> Akron --> Albuquerque --> Allentown --> Ann_Arbor --> Austin --> Cape_Coral --> Downey --> Lincoln
Abilene --> Akron --> Albuquerque --> Allentown --> Ann_Arbor --> Austin --> Cape_Coral --> Downey --> Little_Rock
Abilene --> Akron --> Albuquerque --> Allentown --> Ann_Arbor --> Bakersfield --> Carlsbad --> Durham --> Long_Beach
