Chico: none, Sacramento(90), none
Chico: none, none, none
