Chico: none, Sacramento(90), Redding(73)
Chico: none, none, Redding(73)
Chico: none, none, none
