Sacramento: Chico(90), none, Los_Angeles(384)
Sacramento: Chico(90), none, none
Chico: none, none, Redding(73)
