does_your_program_keep_working: none, or_does_it_stop(1), it_should_keep_working_after_a_bad_command(2)
