Chico: none, Sacramento(90), Redding(73)
Sacramento: Chico(90), San_Francisco(87), none
