Pasadena --> Poughkeepsie --> Tucson --> Albuquerque --> Chico
